{
  "N": 8,
  "q": 3,
  "classes": 817,
  "indecomposable": 659,
  "decomposable": 158,
  "cuts_per_class": 162,
  "cut_evaluations": 132354,
  "mass_formula": "234870301468364800",
  "minimum_cost": 16,
  "minimizing_classes": [
    741,
    742,
    743,
    744,
    745,
    746,
    747,
    748,
    749,
    750
  ],
  "optimal_balanced_profiles": [
    {
      "counts_by_deficit": [
        54,
        16,
        0,
        0,
        0
      ],
      "classes": 7
    },
    {
      "counts_by_deficit": [
        60,
        8,
        2,
        0,
        0
      ],
      "classes": 2
    },
    {
      "counts_by_deficit": [
        66,
        0,
        4,
        0,
        0
      ],
      "classes": 1
    }
  ],
  "witness_histogram_size_deficit": {
    "1,0": 8,
    "2,0": 28,
    "3,0": 56,
    "4,0": 54,
    "4,1": 16
  },
  "minimum_by_distance": {
    "1": 99,
    "2": 41,
    "3": 23,
    "4": 16
  },
  "minimum_by_kind": {
    "D": 99,
    "I": 16
  },
  "input_sha256": "0644d313a153149893f7760d70473eaea03dceb4b30eac1444348b5b4c81d9dc"
}
